// Jest Snapshot v1, https://goo.gl/fbAQLP

exports[`Movie Component renders correctly 1`] = `
<li
  className="movie"
  onClick={[Function]}
>
  Rambo II
</li>
`;
